// Jest Snapshot v1, https://goo.gl/fbAQLP

exports[`HomeScreen component renders correctly 1`] = `null`;
